// Vitest Snapshot v1, https://vitest.dev/guide/snapshot.html

exports[`Header Component > matches the snapshot (no unintended side-effects) 1`] = `
<header
  class="usa-header usa-header--basic"
  data-testid="header"
>
  <div
    class="usa-nav-container"
  >
    <div
      class="usa-navbar"
    >
      <div
        class="usa-logo"
      >
        <em
          class="usa-logo__text"
        >
          <a
            class="text-white"
            href="/"
          >
            Earth.gov
          </a>
        </em>
      </div>
      <button
        class="usa-menu-btn"
        data-testid="navMenuButton"
        type="button"
      >
        <svg
          class="usa-icon usa-icon--size-3"
          focusable="false"
          height="1em"
          role="img"
          viewBox="0 0 24 24"
          width="1em"
          xmlns="http://www.w3.org/2000/svg"
        >
          <path
            d="M3 18h18v-2H3v2zm0-5h18v-2H3v2zm0-7v2h18V6H3z"
          />
        </svg>
      </button>
    </div>
    <nav
      class="usa-nav  text-white"
    >
      <button
        aria-label="Close Navigation Menu"
        class="usa-nav__close"
        data-testid="navCloseButton"
        type="button"
      >
        <svg
          aria-hidden="true"
          class="usa-icon usa-icon--size-3"
          focusable="false"
          height="1em"
          role="img"
          viewBox="0 0 24 24"
          width="1em"
          xmlns="http://www.w3.org/2000/svg"
        >
          <path
            d="M19 6.41 17.59 5 12 10.59 6.41 5 5 6.41 10.59 12 5 17.59 6.41 19 12 13.41 17.59 19 19 17.59 13.41 12z"
          />
        </svg>
      </button>
      <ul
        class="usa-nav__primary usa-accordion"
      >
        <li
          class="usa-nav__primary-item"
        >
          <a
            class="usa-nav__link"
            href="about"
          >
            <span>
              About
            </span>
          </a>
        </li>
        <li
          class="usa-nav__primary-item"
        >
          <div>
            <button
              aria-controls="themesDropDown"
              aria-expanded="false"
              class="usa-accordion__button usa-nav__link text-white"
              data-testid="navDropDownButton"
              type="button"
            >
              <span>
                Themes
              </span>
            </button>
            <ul
              class="usa-nav__submenu text-white"
              hidden=""
              id="themesDropDown"
            >
              <li
                class="usa-nav__submenu-item"
              >
                <a
                  href="/air-quality"
                  role="submenu-item"
                >
                  AIR QUALITY
                </a>
              </li>
              <li
                class="usa-nav__submenu-item"
              >
                <a
                  href="/agriculture"
                  role="submenu-item"
                >
                  AGRICULTURE
                </a>
              </li>
              <li
                class="usa-nav__submenu-item"
              >
                <a
                  href="/biodiversity"
                  role="submenu-item"
                >
                  BIODIVERSITY
                </a>
              </li>
              <li
                class="usa-nav__submenu-item"
              >
                <a
                  href="/disasters"
                  role="submenu-item"
                >
                  DISASTERS
                </a>
              </li>
              <li
                class="usa-nav__submenu-item"
              >
                <a
                  href="/sustainable-energy"
                  role="submenu-item"
                >
                  SUSTAINABLE ENERGY
                </a>
              </li>
              <li
                class="usa-nav__submenu-item"
              >
                <a
                  href="/greenhouse-gases"
                  role="submenu-item"
                >
                  GREENHOUSE GASES
                </a>
              </li>
              <li
                class="usa-nav__submenu-item"
              >
                <a
                  href="/sea-level-rise"
                  role="submenu-item"
                >
                  SEA LEVEL RISE
                </a>
              </li>
              <li
                class="usa-nav__submenu-item"
              >
                <a
                  href="/wildfires"
                  role="submenu-item"
                >
                  WILDFIRES
                </a>
              </li>
              <li
                class="usa-nav__submenu-item"
              >
                <a
                  href="/water-resources"
                  role="submenu-item"
                >
                  WATER RESOURCES
                </a>
              </li>
            </ul>
          </div>
        </li>
        <li
          class="usa-nav__primary-item"
        >
          <button
            class="usa-button usa-button--outline usa-button--inverse"
            data-testid="button"
            type="button"
          >
            Dashboard
          </button>
        </li>
      </ul>
    </nav>
  </div>
</header>
`;
