// Vitest Snapshot v1, https://vitest.dev/guide/snapshot.html

exports[`Center Card > matches the snapshot 1`] = `
<a
  aria-label="Visit Greenhouse Gas Center center."
  class="position-absolute top-0 left-0 width-full height-full"
  href="https://earth.gov/ghgcenter"
  rel="noopener noreferrer"
  target="_blank"
/>
`;
